// Jest Snapshot v1, https://goo.gl/fbAQLP

exports[`<Header /> renders without crashing with props 1`] = `
<styled.header
  className="app-header"
>
  <div
    className="logo"
  />
  <h1>
    Test Title
  </h1>
</styled.header>
`;
