// Jest Snapshot v1, https://goo.gl/fbAQLP

exports[`<SnackBar /> renders without crashing with props 1`] = `
<styled.div
  className="snackbar show"
>
  <div
    className="content"
  >
    Test Message
  </div>
  <div
    className="close"
    onClick={[Function]}
  >
    <FontAwesomeIcon
      border={false}
      className=""
      fixedWidth={false}
      flip={null}
      icon={
        Object {
          "icon": Array [
            512,
            512,
            Array [],
            "f057",
            "M256 8C119 8 8 119 8 256s111 248 248 248 248-111 248-248S393 8 256 8zm121.6 313.1c4.7 4.7 4.7 12.3 0 17L338 377.6c-4.7 4.7-12.3 4.7-17 0L256 312l-65.1 65.6c-4.7 4.7-12.3 4.7-17 0L134.4 338c-4.7-4.7-4.7-12.3 0-17l65.6-65-65.6-65.1c-4.7-4.7-4.7-12.3 0-17l39.6-39.6c4.7-4.7 12.3-4.7 17 0l65 65.7 65.1-65.6c4.7-4.7 12.3-4.7 17 0l39.6 39.6c4.7 4.7 4.7 12.3 0 17L312 256l65.6 65.1z",
          ],
          "iconName": "times-circle",
          "prefix": "fas",
        }
      }
      inverse={false}
      listItem={false}
      mask={null}
      pull={null}
      pulse={false}
      rotation={null}
      size="lg"
      spin={false}
      swapOpacity={false}
      symbol={false}
      title=""
      transform={null}
    />
  </div>
</styled.div>
`;
