// Jest Snapshot v1, https://goo.gl/fbAQLP

exports[`<ModalPopup /> renders without crashing with props 1`] = `
<styled.div
  className="modal-popup show"
>
  <div
    className="bg"
  />
  <div
    className="fg"
  >
    <div
      className="header"
    >
      <div
        className="title"
      >
        Test Title
      </div>
      <div
        className="close"
        onClick={[Function]}
      >
        <FontAwesomeIcon
          border={false}
          className=""
          fixedWidth={false}
          flip={null}
          icon={
            Object {
              "icon": Array [
                352,
                512,
                Array [],
                "f00d",
                "M242.72 256l100.07-100.07c12.28-12.28 12.28-32.19 0-44.48l-22.24-22.24c-12.28-12.28-32.19-12.28-44.48 0L176 189.28 75.93 89.21c-12.28-12.28-32.19-12.28-44.48 0L9.21 111.45c-12.28 12.28-12.28 32.19 0 44.48L109.28 256 9.21 356.07c-12.28 12.28-12.28 32.19 0 44.48l22.24 22.24c12.28 12.28 32.2 12.28 44.48 0L176 322.72l100.07 100.07c12.28 12.28 32.2 12.28 44.48 0l22.24-22.24c12.28-12.28 12.28-32.19 0-44.48L242.72 256z",
              ],
              "iconName": "times",
              "prefix": "fas",
            }
          }
          inverse={false}
          listItem={false}
          mask={null}
          pull={null}
          pulse={false}
          rotation={null}
          size="lg"
          spin={false}
          swapOpacity={false}
          symbol={false}
          title=""
          transform={null}
        />
      </div>
    </div>
    <div
      className="content"
    >
      <div
        dangerouslySetInnerHTML={
          Object {
            "__html": "Test Message",
          }
        }
      />
    </div>
  </div>
</styled.div>
`;
